---------------------------------------------------------------------------------------------------
      name:  <unnamed>
       log:  C:\Users\jmartinez\Desktop\JC\OneDrive - El Colegio de México A.C\CM_2\Historia de eve
> ntos\Proyecto\log_Stata.log
  log type:  text
 opened on:  25 Apr 2019, 15:32:44

. 
. use "C:\Users\jmartinez\Desktop\JC\OneDrive - El Colegio de México A.C\CM_2\Historia de eventos\P
> royecto\motral2015_empleos_y_cuestionario.dta", replace

. 
. ** Etiquetas
. destring p5 p6 p7 p9 sex eda p22_niv_p p22_niv_m p10 p11, replace
p5 has all characters numeric; replaced as byte
(1937 missing values generated)
p6 has all characters numeric; replaced as byte
(1937 missing values generated)
p7 has all characters numeric; replaced as long
(1937 missing values generated)
p9 has all characters numeric; replaced as byte
(1937 missing values generated)
sex has all characters numeric; replaced as byte
eda has all characters numeric; replaced as byte
p22_niv_p has all characters numeric; replaced as byte
(1243 missing values generated)
p22_niv_m has all characters numeric; replaced as byte
(1243 missing values generated)
p10 has all characters numeric; replaced as byte
(2610 missing values generated)
p11 has all characters numeric; replaced as byte
(2610 missing values generated)

. label variable p5 "Posición en la ocupación" 

. label define p5_1 1 "Asalariado" 2 "Patrón/Empleador" 3 "Cuenta propia" 4 "Sin Pago" 

. label values p5 p5_1  

. label variable p6 "Posición en la ocupación" 

. label define p6_1 1 "Capacitación Inicial" 2 "Periodo de Prueba" 3 "Término obra" 4 "Temporal" 5 
> "Permanente" 6 "Otro"

. label values p6 p6_1 

. gen contrato=(p6==5)

. 
. label variable contrato "tipo de contrato" 

. label define contrato_1 1 "Permanente" 0 "Temporal"

. label values contrato contrato_1 

. tab contrato

    tipo de |
   contrato |      Freq.     Percent        Cum.
------------+-----------------------------------
   Temporal |      4,377       62.53       62.53
 Permanente |      2,623       37.47      100.00
------------+-----------------------------------
      Total |      7,000      100.00

. label variable p7 "Ingreso" 

. gen ingreso2=p7
(1,937 missing values generated)

. replace ingreso2=4000 if p7==999999
(774 real changes made)

. label variable ingreso2 "Ingreso" 

. gen ss=1

. replace ss=0 if (p9>=4)
(4,573 real changes made)

. label variable ss "Seguridad social" 

. label define ss_1 1 "Con seguridad" 0 "Sin SS"

. label values ss ss_1  

. gen sexo=(sex==1)

. label variable sexo "Sexo" 

. label define sex_2 1 "Hombre" 0 "Mujer"

. label values sexo sex_2

. *tab p5
. *tab p6
. *sum ingreso2
. *tab ss
. *tab sex
. 
. gen niv_p=p22_niv_p
(1,243 missing values generated)

. sum p22_niv_p, d

                          p22_niv_p
-------------------------------------------------------------
      Percentiles      Smallest
 1%            0              0
 5%            0              0
10%            0              0       Obs               5,757
25%            2              0       Sum of Wgt.       5,757

50%            2                      Mean            9.72173
                        Largest       Std. Dev.      24.37447
75%            4             99
90%           10             99       Variance       594.1147
95%           99             99       Skewness         3.3469
99%           99             99       Kurtosis       12.36205

. replace niv_p=2 if p22_niv_p==99
(395 real changes made)

. gen niv_m=p22_niv_m
(1,243 missing values generated)

. sum p22_niv_m, d

                          p22_niv_m
-------------------------------------------------------------
      Percentiles      Smallest
 1%            0              0
 5%            0              0
10%            0              0       Obs               5,757
25%            2              0       Sum of Wgt.       5,757

50%            2                      Mean           5.261073
                        Largest       Std. Dev.      15.09536
75%            3             99
90%            7             99       Variance       227.8698
95%           10             99       Skewness       5.899066
99%           99             99       Kurtosis       36.69384

. replace niv_m=2 if p22_niv_m==99
(142 real changes made)

. gen niv=(niv_p+niv_m)/2
(1,243 missing values generated)

. destring eda p3_mes p3_anio p4_mes p4_anio, replace
eda already numeric; no replace
p3_mes has all characters numeric; replaced as byte
(1937 missing values generated)
p3_anio has all characters numeric; replaced as int
(1937 missing values generated)
p4_mes has all characters numeric; replaced as byte
(1937 missing values generated)
p4_anio has all characters numeric; replaced as int
(1937 missing values generated)

. gen ingreso=eda-(2015-p4_anio)
(1,937 missing values generated)

. *tab ingreso
. keep if _merge==3 & eda>=21
(2,259 observations deleted)

. drop if (p3_anio==9999 | p4_anio==9999)
(69 observations deleted)

. 
. gen crisis=0

. replace crisis=1 if p3_anio<1994
(1,826 real changes made)

. replace crisis=2 if p3_anio>=1994 & p3_anio<2009
(1,959 real changes made)

. replace crisis=3 if p3_anio>=2009
(887 real changes made)

. 
. 
. *drop mes1 anio1 anioX12 time
. **** TIME
. gen mes1=0

. replace mes1=(12-p3_mes)+1
(4,672 real changes made)

. gen anio1=0

. replace anio1=(p4_anio-p3_anio)
(3,831 real changes made)

. replace anio1=0 if anio1==1
(1,009 real changes made)

. gen anioX12=12*anio1

. gen time=mes1+anioX12+p4_mes

. **** CENSOR
. gen censor=1

. replace censor=0 if p10==.
(606 real changes made)

. *replace censor=0 if p4_mes==6 & p4_anio==2015
. *brow p3_mes p3_anio p4_mes p4_anio mes1 anio1 time 
. *tab censor
. *tab time
. label variable censor "Dejar el trabajo" 

. label define censor_1 1 "Falla" 0 "Censura"

. label values censor censor_1

. ** Pruebas para riesgos proporcionales
. gen dummy=0

. replace dummy=1 if (p10==1 | p10==2 | p10==3 | p10==9   | p10==12)
(1,285 real changes made)

. *replace dummy=1 if (p10==1 | p10==2 | p10==3 | p10==9  | p10==10  | p10==12)
. *tab p10 dummy
. * La variable censor_2 es la de riesgos proporcionales
. gen censor_2=0

. replace censor_2=1 if dummy==0 & censor==1
(2,781 real changes made)

. replace censor_2=2 if dummy==1 & censor==1
(1,285 real changes made)

. label variable censor_2 "Despido/cambio" 

. label define censor_2_1 0 "Censor" 1 "Despido" 2 "Cambio Trabajo"

. label values censor_2 censor_2_1

. 
. label variable p11 "Luego del trabajo" 

. label define p11_1 1 "preparativos para abrir negocio?" 2 "preparativos trabajar o país?" 3 "busc
> ar otro trabajo?" 4 "actividades domésticas" 5 "act comunitarias?" 6 "continuar trabajando" 7 "es
> tudiar" 8"otro"

. label values p11 p11_1

. *tab p11
. save "C:\Users\jmartinez\Desktop\JC\OneDrive - El Colegio de México A.C\CM_2\Historia de eventos\
> Proyecto\motral2015_empleos_y_cuestionario_Cox.dta", replace
file C:\Users\jmartinez\Desktop\JC\OneDrive - El Colegio de México A.C\CM_2\Historia de eventos\Pro
> yecto\motral2015_empleos_y_cuestionario_Cox.dta saved

. 
. 
. ******************** 
. *Modelo de Cox
. ******************** 
. 
. 
. use "C:\Users\jmartinez\Desktop\JC\OneDrive - El Colegio de México A.C\CM_2\Historia de eventos\P
> royecto\motral2015_empleos_y_cuestionario_Cox.dta", replace

. cd "C:\Users\jmartinez\Desktop\JC\OneDrive - El Colegio de México A.C\CM_2\Historia de eventos\Pr
> oyecto\Proporcional"
C:\Users\jmartinez\Desktop\JC\OneDrive - El Colegio de México A.C\CM_2\Historia de eventos\Proyecto
> \Proporcional

. 
. ** Revisar proporcionalidad
. *tab censor
. *tab censor_2
. gen cen1=(censor_2==1)

. gen cen2=(censor_2==2)

. ltable time censor, saving(tabla1, replace) notable

. ltable time cen1, saving(tabla2, replace) notable

. ltable time cen2, saving(tabla3, replace) notable

.  
. use tabla1, clear

. keep t1 survival

. rename survival survival1

. sort t1

. save temp1, replace
file temp1.dta saved

. use tabla2, clear

. keep t1 survival

. rename survival survival2

. sort t1

. save temp2, replace
file temp2.dta saved

. use tabla3, clear

. keep t1 survival

. rename survival survival3

. sort t1

. save temp3, replace
file temp3.dta saved

. use temp1, clear

. merge 1:1 t1 using temp2

    Result                           # of obs.
    -----------------------------------------
    not matched                             0
    matched                               354  (_merge==3)
    -----------------------------------------

. sort t1

. drop _merge

. merge 1:1 t1 using temp3

    Result                           # of obs.
    -----------------------------------------
    not matched                             0
    matched                               354  (_merge==3)
    -----------------------------------------

. sort t1

. drop _merge

. save, replace
file temp1.dta saved

. 
. use temp1, replace

. label variable survival1 "S1(t)" 

. gen sur=survival2*survival3

. label variable sur "S2(t) * S2(t)" 

. twoway line survival1 t1, c(J) sort title(S(t)) color("255 160 160") || line sur t1, c(J) sort ti
> tle(S2(t) * S3(t)) xtitle(Tiempo (meses)) ytitle(S(t)) ///
> title("Riesgos en competencia")

. 
. ************************************** MOdelos
. 
. use "C:\Users\jmartinez\Desktop\JC\OneDrive - El Colegio de México A.C\CM_2\Historia de eventos\P
> royecto\motral2015_empleos_y_cuestionario_Cox.dta", replace

. 
. gen fail_1=(censor_2==1)

. gen fail_2=(censor_2==2)

. 
. *stset time, failure(censor)
. *sts list, failure
. 
. 
. stset time, failure(fail_1)

     failure event:  fail_1 != 0 & fail_1 < .
obs. time interval:  (0, time]
 exit on or before:  failure

------------------------------------------------------------------------------
       4672  total observations
          0  exclusions
------------------------------------------------------------------------------
       4672  observations remaining, representing
       2781  failures in single-record/single-failure data
     287440  total analysis time at risk and under observation
                                                at risk from t =         0
                                     earliest observed entry t =         0
                                          last observed exit t =       463

. sts list, failure

         failure _d:  fail_1
   analysis time _t:  time

           Beg.          Net            Failure       Std.
  Time    Total   Fail   Lost           Function     Error     [95% Conf. Int.]
-------------------------------------------------------------------------------
     2     4672    262    106             0.0561    0.0034     0.0498    0.0631
     3     4304     11     10             0.0585    0.0034     0.0521    0.0656
     4     4283      6      4             0.0598    0.0035     0.0534    0.0670
     5     4273     13      8             0.0627    0.0036     0.0561    0.0700
     6     4252     23      3             0.0677    0.0037     0.0609    0.0753
     7     4226     34     14             0.0752    0.0039     0.0680    0.0832
     8     4178     26     11             0.0810    0.0040     0.0735    0.0892
     9     4141     20     14             0.0854    0.0041     0.0777    0.0939
    10     4107     12     11             0.0881    0.0042     0.0803    0.0967
    11     4084     24     17             0.0935    0.0043     0.0854    0.1022
    12     4043     17     17             0.0973    0.0044     0.0891    0.1062
    13     4009    101     55             0.1200    0.0048     0.1109    0.1298
    14     3853    251    114             0.1773    0.0057     0.1665    0.1888
    15     3488     74     51             0.1948    0.0059     0.1835    0.2067
    16     3363     70     41             0.2116    0.0061     0.1998    0.2239
    17     3252     55     30             0.2249    0.0063     0.2129    0.2375
    18     3167     61     31             0.2398    0.0064     0.2275    0.2527
    19     3075     78     27             0.2591    0.0066     0.2463    0.2724
    20     2970     24     18             0.2651    0.0067     0.2522    0.2785
    21     2928     24     11             0.2711    0.0068     0.2581    0.2846
    22     2893     12      7             0.2741    0.0068     0.2611    0.2877
    23     2874     14      7             0.2777    0.0068     0.2646    0.2913
    24     2853     25      6             0.2840    0.0069     0.2708    0.2977
    26     2822    194     86             0.3332    0.0073     0.3192    0.3477
    27     2542      2      5             0.3338    0.0073     0.3197    0.3482
    28     2535      5      1             0.3351    0.0073     0.3210    0.3495
    29     2529      6      1             0.3366    0.0073     0.3226    0.3511
    30     2522      7      3             0.3385    0.0073     0.3244    0.3530
    31     2512      7      9             0.3403    0.0073     0.3262    0.3549
    32     2496     16     11             0.3446    0.0073     0.3304    0.3591
    33     2469     10      9             0.3472    0.0074     0.3330    0.3618
    34     2450     10      5             0.3499    0.0074     0.3356    0.3645
    35     2435     18      9             0.3547    0.0074     0.3404    0.3694
    36     2408     15     13             0.3587    0.0074     0.3443    0.3735
    37     2380     45     28             0.3708    0.0075     0.3563    0.3857
    38     2307    149     69             0.4115    0.0077     0.3965    0.4268
    39     2089     20      9             0.4171    0.0078     0.4021    0.4325
    40     2060     25     11             0.4242    0.0078     0.4091    0.4396
    41     2024     19     19             0.4296    0.0078     0.4144    0.4450
    42     1986     20     12             0.4353    0.0078     0.4201    0.4508
    43     1954     15     17             0.4397    0.0079     0.4244    0.4552
    44     1922     17      7             0.4446    0.0079     0.4293    0.4602
    45     1898      9      5             0.4472    0.0079     0.4319    0.4629
    46     1884     12      3             0.4508    0.0079     0.4354    0.4664
    47     1869     14     11             0.4549    0.0079     0.4395    0.4705
    48     1844     21     11             0.4611    0.0079     0.4457    0.4768
    49     1812     26     14             0.4688    0.0080     0.4533    0.4846
    50     1772     74     18             0.4910    0.0080     0.4753    0.5069
    51     1680      8      7             0.4934    0.0081     0.4778    0.5093
    52     1665     10      7             0.4965    0.0081     0.4808    0.5124
    53     1648     15     10             0.5011    0.0081     0.4853    0.5170
    54     1623      7      7             0.5032    0.0081     0.4875    0.5192
    55     1609     10     12             0.5063    0.0081     0.4905    0.5223
    56     1587      9      4             0.5091    0.0081     0.4933    0.5251
    57     1574     13      5             0.5131    0.0081     0.4974    0.5291
    58     1556      7     10             0.5153    0.0081     0.4995    0.5313
    59     1539      5      9             0.5169    0.0081     0.5011    0.5329
    60     1525     11      5             0.5204    0.0081     0.5046    0.5364
    61     1509     22      9             0.5274    0.0081     0.5115    0.5434
    62     1478     82     43             0.5536    0.0082     0.5376    0.5697
    63     1353      5      9             0.5553    0.0082     0.5393    0.5714
    64     1339      8      6             0.5579    0.0082     0.5419    0.5741
    65     1325     11     10             0.5616    0.0082     0.5456    0.5777
    66     1304      9      7             0.5646    0.0082     0.5486    0.5808
    67     1288     13     17             0.5690    0.0082     0.5530    0.5852
    68     1258      6      7             0.5711    0.0082     0.5550    0.5872
    69     1245     12      4             0.5752    0.0082     0.5591    0.5914
    70     1229      4      8             0.5766    0.0082     0.5605    0.5928
    71     1217      7      6             0.5790    0.0082     0.5629    0.5952
    72     1204      7     14             0.5815    0.0082     0.5654    0.5977
    73     1183     12     12             0.5857    0.0082     0.5696    0.6019
    74     1159     33     18             0.5975    0.0083     0.5813    0.6137
    75     1108      8      5             0.6004    0.0083     0.5842    0.6166
    76     1095     10      8             0.6041    0.0083     0.5879    0.6203
    77     1077      7      4             0.6066    0.0083     0.5904    0.6229
    78     1066      5      4             0.6085    0.0083     0.5923    0.6247
    79     1057      5      8             0.6103    0.0083     0.5941    0.6266
    80     1044      4      8             0.6118    0.0083     0.5956    0.6281
    81     1032      9      8             0.6152    0.0083     0.5990    0.6315
    82     1015      1      7             0.6156    0.0083     0.5994    0.6318
    83     1007      5      5             0.6175    0.0083     0.6013    0.6338
    84      997      5      5             0.6194    0.0083     0.6032    0.6357
    85      987      8      6             0.6225    0.0083     0.6063    0.6388
    86      973     21     12             0.6306    0.0083     0.6144    0.6469
    87      940      2      3             0.6314    0.0083     0.6152    0.6477
    88      935      6      4             0.6338    0.0083     0.6175    0.6501
    89      925      7      4             0.6366    0.0083     0.6203    0.6528
    90      914      2      7             0.6374    0.0083     0.6211    0.6536
    91      905      3      4             0.6386    0.0083     0.6223    0.6548
    92      898      1      0             0.6390    0.0083     0.6227    0.6553
    93      897      2      4             0.6398    0.0083     0.6235    0.6561
    94      891      4      4             0.6414    0.0083     0.6251    0.6577
    95      883      1      3             0.6418    0.0083     0.6255    0.6581
    96      879      3      5             0.6430    0.0083     0.6267    0.6593
    97      871      9     10             0.6467    0.0083     0.6304    0.6630
    98      852     19     15             0.6546    0.0083     0.6382    0.6709
    99      818      3      2             0.6559    0.0083     0.6395    0.6722
   100      813      2      3             0.6567    0.0083     0.6403    0.6730
   101      808      3      5             0.6580    0.0083     0.6416    0.6743
   102      800      1      6             0.6584    0.0083     0.6420    0.6747
   103      793      2      4             0.6593    0.0083     0.6429    0.6756
   104      787      2      3             0.6601    0.0083     0.6438    0.6764
   105      782      4      1             0.6619    0.0083     0.6455    0.6782
   106      777      3      2             0.6632    0.0083     0.6468    0.6795
   107      772      4      3             0.6649    0.0083     0.6485    0.6812
   108      765      4      4             0.6667    0.0083     0.6503    0.6830
   109      757      5      3             0.6689    0.0084     0.6525    0.6852
   110      749     13      8             0.6746    0.0084     0.6582    0.6909
   111      728      3      2             0.6760    0.0084     0.6595    0.6923
   112      723      3      4             0.6773    0.0084     0.6609    0.6936
   113      716      3      3             0.6787    0.0084     0.6622    0.6950
   114      710      0      1             0.6787    0.0084     0.6622    0.6950
   115      709      1      8             0.6791    0.0084     0.6627    0.6954
   116      700      3      2             0.6805    0.0084     0.6640    0.6968
   117      695      4      2             0.6823    0.0084     0.6659    0.6987
   118      689      2      4             0.6832    0.0084     0.6668    0.6996
   119      683      5      4             0.6856    0.0084     0.6691    0.7019
   120      674      3      4             0.6870    0.0084     0.6705    0.7033
   121      667      6      3             0.6898    0.0084     0.6733    0.7061
   122      658     27     18             0.7025    0.0084     0.6860    0.7188
   123      613      1      3             0.7030    0.0084     0.6865    0.7193
   124      609      2      2             0.7040    0.0084     0.6875    0.7203
   125      605      3      6             0.7054    0.0084     0.6889    0.7218
   126      596      0      3             0.7054    0.0084     0.6889    0.7218
   127      593      0     10             0.7054    0.0084     0.6889    0.7218
   128      583      1      0             0.7059    0.0084     0.6894    0.7223
   129      582      4      1             0.7080    0.0084     0.6914    0.7243
   130      577      2      4             0.7090    0.0084     0.6925    0.7253
   131      571      4      3             0.7110    0.0084     0.6945    0.7274
   132      564      2      2             0.7120    0.0084     0.6955    0.7284
   133      560      3      7             0.7136    0.0084     0.6970    0.7299
   134      550      7      8             0.7172    0.0084     0.7007    0.7336
   135      535      1      1             0.7178    0.0084     0.7012    0.7341
   136      533      2      7             0.7188    0.0084     0.7023    0.7352
   137      524      2      2             0.7199    0.0084     0.7033    0.7363
   138      520      1      4             0.7204    0.0084     0.7039    0.7368
   140      515      4      0             0.7226    0.0084     0.7060    0.7390
   141      511      1      1             0.7231    0.0084     0.7066    0.7395
   142      509      2      2             0.7242    0.0084     0.7076    0.7406
   143      505      0      3             0.7242    0.0084     0.7076    0.7406
   144      502      0      1             0.7242    0.0084     0.7076    0.7406
   145      501      2      0             0.7253    0.0084     0.7087    0.7417
   146      499     11      7             0.7314    0.0084     0.7148    0.7478
   148      481      0      1             0.7314    0.0084     0.7148    0.7478
   149      480      0      2             0.7314    0.0084     0.7148    0.7478
   150      478      1      3             0.7319    0.0084     0.7153    0.7483
   151      474      4      2             0.7342    0.0084     0.7176    0.7506
   152      468      0      1             0.7342    0.0084     0.7176    0.7506
   153      467      1      1             0.7348    0.0084     0.7181    0.7512
   154      465      1      1             0.7353    0.0084     0.7187    0.7517
   155      463      0      5             0.7353    0.0084     0.7187    0.7517
   156      458      1      1             0.7359    0.0084     0.7193    0.7523
   157      456      2      1             0.7371    0.0084     0.7204    0.7535
   158      453      5      3             0.7400    0.0084     0.7233    0.7564
   159      445      1      0             0.7406    0.0084     0.7239    0.7570
   160      444      1      3             0.7412    0.0084     0.7245    0.7576
   161      440      2      1             0.7423    0.0084     0.7256    0.7587
   162      437      2      0             0.7435    0.0085     0.7268    0.7599
   163      435      1      2             0.7441    0.0085     0.7274    0.7605
   164      432      0      2             0.7441    0.0085     0.7274    0.7605
   165      430      3      2             0.7459    0.0085     0.7292    0.7623
   166      425      1      0             0.7465    0.0085     0.7298    0.7629
   167      424      1      1             0.7471    0.0085     0.7304    0.7635
   168      422      0      4             0.7471    0.0085     0.7304    0.7635
   169      418      2      0             0.7483    0.0085     0.7316    0.7647
   170      416      6      5             0.7519    0.0085     0.7352    0.7684
   171      405      0      1             0.7519    0.0085     0.7352    0.7684
   172      404      1      1             0.7525    0.0085     0.7358    0.7690
   174      402      1      1             0.7532    0.0085     0.7364    0.7696
   175      400      1      1             0.7538    0.0085     0.7370    0.7702
   176      398      2      1             0.7550    0.0085     0.7382    0.7714
   177      395      1      1             0.7556    0.0085     0.7389    0.7721
   179      393      0      2             0.7556    0.0085     0.7389    0.7721
   180      391      1      2             0.7563    0.0085     0.7395    0.7727
   181      388      1      3             0.7569    0.0085     0.7401    0.7733
   182      384      5      4             0.7600    0.0085     0.7433    0.7765
   183      375      2      2             0.7613    0.0085     0.7445    0.7778
   184      371      0      3             0.7613    0.0085     0.7445    0.7778
   185      368      1      1             0.7620    0.0085     0.7452    0.7784
   186      366      1      1             0.7626    0.0085     0.7458    0.7791
   187      364      1      6             0.7633    0.0085     0.7465    0.7797
   188      357      0      3             0.7633    0.0085     0.7465    0.7797
   189      354      0      2             0.7633    0.0085     0.7465    0.7797
   190      352      1      2             0.7639    0.0085     0.7471    0.7804
   191      349      0      1             0.7639    0.0085     0.7471    0.7804
   192      348      1      1             0.7646    0.0085     0.7478    0.7811
   193      346      0      3             0.7646    0.0085     0.7478    0.7811
   194      343      6      1             0.7687    0.0085     0.7519    0.7852
   195      336      1      1             0.7694    0.0085     0.7526    0.7859
   196      334      0      2             0.7694    0.0085     0.7526    0.7859
   197      332      0      2             0.7694    0.0085     0.7526    0.7859
   198      330      1      4             0.7701    0.0085     0.7532    0.7866
   199      325      1      3             0.7708    0.0085     0.7539    0.7873
   200      321      2      1             0.7723    0.0085     0.7554    0.7888
   202      318      1      0             0.7730    0.0085     0.7561    0.7895
   205      317      0      2             0.7730    0.0085     0.7561    0.7895
   206      315      2      3             0.7744    0.0085     0.7575    0.7909
   207      310      1      0             0.7752    0.0085     0.7582    0.7917
   208      309      1      1             0.7759    0.0085     0.7589    0.7924
   209      307      1      0             0.7766    0.0085     0.7597    0.7931
   210      306      0      6             0.7766    0.0085     0.7597    0.7931
   211      300      0      8             0.7766    0.0085     0.7597    0.7931
   212      292      1      1             0.7774    0.0086     0.7604    0.7939
   213      290      0      3             0.7774    0.0086     0.7604    0.7939
   214      287      1      2             0.7782    0.0086     0.7612    0.7947
   215      284      1      0             0.7789    0.0086     0.7619    0.7955
   216      283      0      1             0.7789    0.0086     0.7619    0.7955
   217      282      1      1             0.7797    0.0086     0.7627    0.7963
   218      280      7      2             0.7852    0.0086     0.7681    0.8018
   219      271      0      1             0.7852    0.0086     0.7681    0.8018
   220      270      1      4             0.7860    0.0086     0.7689    0.8026
   221      265      0      2             0.7860    0.0086     0.7689    0.8026
   222      263      0      1             0.7860    0.0086     0.7689    0.8026
   223      262      0      2             0.7860    0.0086     0.7689    0.8026
   224      260      0      1             0.7860    0.0086     0.7689    0.8026
   225      259      0      1             0.7860    0.0086     0.7689    0.8026
   227      258      0      1             0.7860    0.0086     0.7689    0.8026
   228      257      1      4             0.7869    0.0086     0.7697    0.8035
   229      252      0      1             0.7869    0.0086     0.7697    0.8035
   230      251      2      5             0.7885    0.0086     0.7714    0.8052
   231      244      1      0             0.7894    0.0086     0.7722    0.8061
   232      243      1      1             0.7903    0.0086     0.7731    0.8070
   233      241      1      1             0.7912    0.0087     0.7740    0.8079
   235      239      0      2             0.7912    0.0087     0.7740    0.8079
   237      237      0      2             0.7912    0.0087     0.7740    0.8079
   239      235      0      1             0.7912    0.0087     0.7740    0.8079
   240      234      0      1             0.7912    0.0087     0.7740    0.8079
   241      233      0      1             0.7912    0.0087     0.7740    0.8079
   242      232      6      0             0.7966    0.0087     0.7792    0.8133
   243      226      1      1             0.7975    0.0087     0.7801    0.8143
   245      224      1      1             0.7984    0.0087     0.7810    0.8152
   247      222      0      4             0.7984    0.0087     0.7810    0.8152
   248      218      1      0             0.7993    0.0087     0.7819    0.8161
   249      217      1      4             0.8002    0.0087     0.7828    0.8171
   250      212      0      1             0.8002    0.0087     0.7828    0.8171
   251      211      0      2             0.8002    0.0087     0.7828    0.8171
   253      209      0      1             0.8002    0.0087     0.7828    0.8171
   254      208      3      1             0.8031    0.0088     0.7856    0.8200
   255      204      1      0             0.8041    0.0088     0.7866    0.8210
   256      203      0      3             0.8041    0.0088     0.7866    0.8210
   257      200      2      1             0.8060    0.0088     0.7885    0.8230
   258      197      0      7             0.8060    0.0088     0.7885    0.8230
   259      190      0      1             0.8060    0.0088     0.7885    0.8230
   261      189      1      0             0.8070    0.0088     0.7895    0.8240
   262      188      0      1             0.8070    0.0088     0.7895    0.8240
   263      187      0      3             0.8070    0.0088     0.7895    0.8240
   265      184      0      3             0.8070    0.0088     0.7895    0.8240
   266      181      1      2             0.8081    0.0088     0.7905    0.8251
   267      178      1      1             0.8092    0.0088     0.7915    0.8262
   269      176      1      0             0.8103    0.0089     0.7926    0.8273
   270      175      1      2             0.8114    0.0089     0.7936    0.8284
   272      172      0      1             0.8114    0.0089     0.7936    0.8284
   273      171      0      2             0.8114    0.0089     0.7936    0.8284
   274      169      0      1             0.8114    0.0089     0.7936    0.8284
   275      168      0      1             0.8114    0.0089     0.7936    0.8284
   278      167      1      0             0.8125    0.0089     0.7947    0.8296
   280      166      1      0             0.8136    0.0089     0.7958    0.8307
   281      165      0      1             0.8136    0.0089     0.7958    0.8307
   282      164      0      2             0.8136    0.0089     0.7958    0.8307
   286      162      0      2             0.8136    0.0089     0.7958    0.8307
   287      160      0      4             0.8136    0.0089     0.7958    0.8307
   288      156      0      1             0.8136    0.0089     0.7958    0.8307
   289      155      0      2             0.8136    0.0089     0.7958    0.8307
   290      153      0      2             0.8136    0.0089     0.7958    0.8307
   291      151      0      1             0.8136    0.0089     0.7958    0.8307
   292      150      0      2             0.8136    0.0089     0.7958    0.8307
   293      148      0      1             0.8136    0.0089     0.7958    0.8307
   295      147      0      2             0.8136    0.0089     0.7958    0.8307
   296      145      0      2             0.8136    0.0089     0.7958    0.8307
   297      143      0      1             0.8136    0.0089     0.7958    0.8307
   300      142      0      1             0.8136    0.0089     0.7958    0.8307
   301      141      0      2             0.8136    0.0089     0.7958    0.8307
   302      139      2      0             0.8163    0.0090     0.7983    0.8335
   304      137      0      1             0.8163    0.0090     0.7983    0.8335
   305      136      1      2             0.8176    0.0090     0.7996    0.8350
   306      133      0      5             0.8176    0.0090     0.7996    0.8350
   307      128      0      4             0.8176    0.0090     0.7996    0.8350
   308      124      0      2             0.8176    0.0090     0.7996    0.8350
   309      122      0      1             0.8176    0.0090     0.7996    0.8350
   310      121      0      1             0.8176    0.0090     0.7996    0.8350
   311      120      0      1             0.8176    0.0090     0.7996    0.8350
   312      119      1      1             0.8192    0.0091     0.8010    0.8366
   313      117      0      5             0.8192    0.0091     0.8010    0.8366
   314      112      0      1             0.8192    0.0091     0.8010    0.8366
   316      111      0      3             0.8192    0.0091     0.8010    0.8366
   317      108      0      1             0.8192    0.0091     0.8010    0.8366
   318      107      0      3             0.8192    0.0091     0.8010    0.8366
   319      104      0      1             0.8192    0.0091     0.8010    0.8366
   320      103      0      2             0.8192    0.0091     0.8010    0.8366
   322      101      0      1             0.8192    0.0091     0.8010    0.8366
   323      100      1      0             0.8210    0.0092     0.8027    0.8386
   325       99      1      0             0.8228    0.0092     0.8043    0.8405
   326       98      0      2             0.8228    0.0092     0.8043    0.8405
   328       96      1      1             0.8246    0.0093     0.8060    0.8425
   329       94      0      2             0.8246    0.0093     0.8060    0.8425
   330       92      0      1             0.8246    0.0093     0.8060    0.8425
   331       91      0      4             0.8246    0.0093     0.8060    0.8425
   332       87      1      2             0.8267    0.0094     0.8077    0.8447
   333       84      0      1             0.8267    0.0094     0.8077    0.8447
   334       83      0      1             0.8267    0.0094     0.8077    0.8447
   337       82      1      1             0.8288    0.0096     0.8096    0.8470
   339       80      1      0             0.8309    0.0097     0.8115    0.8494
   340       79      1      1             0.8331    0.0098     0.8134    0.8517
   341       77      0      3             0.8331    0.0098     0.8134    0.8517
   343       74      1      1             0.8353    0.0099     0.8154    0.8542
   344       72      0      1             0.8353    0.0099     0.8154    0.8542
   345       71      1      0             0.8376    0.0100     0.8174    0.8568
   346       70      1      4             0.8399    0.0102     0.8195    0.8593
   347       65      1      1             0.8424    0.0103     0.8217    0.8620
   348       63      1      0             0.8449    0.0104     0.8239    0.8647
   349       62      3      0             0.8524    0.0108     0.8306    0.8728
   351       59      1      0             0.8549    0.0109     0.8328    0.8755
   352       58      1      0             0.8574    0.0110     0.8351    0.8781
   354       57      0      2             0.8574    0.0110     0.8351    0.8781
   355       55      0      1             0.8574    0.0110     0.8351    0.8781
   356       54      0      1             0.8574    0.0110     0.8351    0.8781
   361       53      0      2             0.8574    0.0110     0.8351    0.8781
   362       51      0      2             0.8574    0.0110     0.8351    0.8781
   363       49      0      2             0.8574    0.0110     0.8351    0.8781
   364       47      1      1             0.8605    0.0112     0.8377    0.8815
   365       45      0      2             0.8605    0.0112     0.8377    0.8815
   367       43      0      1             0.8605    0.0112     0.8377    0.8815
   370       42      0      2             0.8605    0.0112     0.8377    0.8815
   372       40      1      0             0.8639    0.0114     0.8407    0.8854
   373       39      2      0             0.8709    0.0119     0.8466    0.8931
   374       37      2      0             0.8779    0.0122     0.8528    0.9005
   376       35      1      0             0.8814    0.0123     0.8559    0.9042
   382       34      1      1             0.8849    0.0125     0.8591    0.9079
   383       32      0      1             0.8849    0.0125     0.8591    0.9079
   384       31      1      0             0.8886    0.0126     0.8624    0.9118
   386       30      0      1             0.8886    0.0126     0.8624    0.9118
   388       29      0      1             0.8886    0.0126     0.8624    0.9118
   389       28      0      1             0.8886    0.0126     0.8624    0.9118
   390       27      0      1             0.8886    0.0126     0.8624    0.9118
   391       26      1      0             0.8929    0.0128     0.8662    0.9163
   393       25      1      1             0.8972    0.0130     0.8699    0.9208
   394       23      1      2             0.9016    0.0132     0.8739    0.9255
   395       20      1      0             0.9065    0.0134     0.8782    0.9307
   397       19      0      1             0.9065    0.0134     0.8782    0.9307
   401       18      1      0             0.9117    0.0136     0.8827    0.9361
   408       17      1      1             0.9169    0.0138     0.8873    0.9413
   412       15      0      1             0.9169    0.0138     0.8873    0.9413
   413       14      1      0             0.9229    0.0140     0.8924    0.9474
   415       13      0      2             0.9229    0.0140     0.8924    0.9474
   416       11      1      0             0.9299    0.0144     0.8981    0.9546
   418       10      0      1             0.9299    0.0144     0.8981    0.9546
   427        9      0      1             0.9299    0.0144     0.8981    0.9546
   430        8      0      2             0.9299    0.0144     0.8981    0.9546
   434        6      1      0             0.9416    0.0161     0.9046    0.9677
   438        5      0      1             0.9416    0.0161     0.9046    0.9677
   439        4      0      1             0.9416    0.0161     0.9046    0.9677
   446        3      1      0             0.9610    0.0192     0.9103    0.9873
   454        2      0      1             0.9610    0.0192     0.9103    0.9873
   463        1      1      0             1.0000         .          .         .
-------------------------------------------------------------------------------

. sts graph, title(Causas externas) name(d, replace) xtitle(Tiempo (meses)) text(.6 150 "Mediana = 
> 4.41 años")

         failure _d:  fail_1
   analysis time _t:  time

. stsum

         failure _d:  fail_1
   analysis time _t:  time

         |               incidence       no. of    |------ Survival time -----|
         | time at risk     rate        subjects        25%       50%       75%
---------+---------------------------------------------------------------------
   total |       287440   .0096751          4672         19        53       170

. stset time, failure(fail_2)

     failure event:  fail_2 != 0 & fail_2 < .
obs. time interval:  (0, time]
 exit on or before:  failure

------------------------------------------------------------------------------
       4672  total observations
          0  exclusions
------------------------------------------------------------------------------
       4672  observations remaining, representing
       1285  failures in single-record/single-failure data
     287440  total analysis time at risk and under observation
                                                at risk from t =         0
                                     earliest observed entry t =         0
                                          last observed exit t =       463

. sts list

         failure _d:  fail_2
   analysis time _t:  time

           Beg.          Net            Survivor      Std.
  Time    Total   Fail   Lost           Function     Error     [95% Conf. Int.]
-------------------------------------------------------------------------------
     2     4672    106    262             0.9773    0.0022     0.9726    0.9812
     3     4304     10     11             0.9750    0.0023     0.9701    0.9792
     4     4283      4      6             0.9741    0.0023     0.9691    0.9783
     5     4273      8     13             0.9723    0.0024     0.9672    0.9767
     6     4252      3     23             0.9716    0.0024     0.9664    0.9760
     7     4226     12     36             0.9689    0.0026     0.9634    0.9735
     8     4178      9     28             0.9668    0.0027     0.9612    0.9716
     9     4141     12     22             0.9640    0.0028     0.9581    0.9690
    10     4107      8     15             0.9621    0.0028     0.9561    0.9673
    11     4084      9     32             0.9600    0.0029     0.9538    0.9653
    12     4043     13     21             0.9569    0.0030     0.9505    0.9624
    13     4009     46    110             0.9459    0.0034     0.9388    0.9522
    14     3853    108    257             0.9194    0.0042     0.9108    0.9272
    15     3488     44     81             0.9078    0.0045     0.8987    0.9161
    16     3363     34     77             0.8986    0.0047     0.8890    0.9074
    17     3252     21     64             0.8928    0.0048     0.8830    0.9019
    18     3167     21     71             0.8869    0.0050     0.8768    0.8962
    19     3075     27     78             0.8791    0.0051     0.8686    0.8888
    20     2970     18     24             0.8738    0.0053     0.8631    0.8837
    21     2928     11     24             0.8705    0.0053     0.8597    0.8806
    22     2893      7     12             0.8684    0.0054     0.8575    0.8785
    23     2874      7     14             0.8663    0.0054     0.8553    0.8765
    24     2853      6     25             0.8645    0.0055     0.8534    0.8748
    26     2822     86    194             0.8381    0.0060     0.8260    0.8495
    27     2542      5      2             0.8365    0.0060     0.8243    0.8479
    28     2535      1      5             0.8361    0.0060     0.8239    0.8476
    29     2529      1      6             0.8358    0.0060     0.8236    0.8472
    30     2522      3      7             0.8348    0.0061     0.8226    0.8463
    31     2512      5     11             0.8331    0.0061     0.8208    0.8447
    32     2496      5     22             0.8315    0.0061     0.8191    0.8431
    33     2469      6     13             0.8295    0.0062     0.8170    0.8412
    34     2450      3     12             0.8284    0.0062     0.8159    0.8402
    35     2435      9     18             0.8254    0.0062     0.8128    0.8372
    36     2408     11     17             0.8216    0.0063     0.8088    0.8336
    37     2380     22     51             0.8140    0.0065     0.8010    0.8263
    38     2307     67    151             0.7904    0.0069     0.7765    0.8035
    39     2089      9     20             0.7870    0.0070     0.7730    0.8002
    40     2060     11     25             0.7828    0.0070     0.7686    0.7962
    41     2024     16     22             0.7766    0.0071     0.7622    0.7902
    42     1986      9     23             0.7731    0.0072     0.7586    0.7868
    43     1954     11     21             0.7687    0.0073     0.7541    0.7826
    44     1922      5     19             0.7667    0.0073     0.7520    0.7807
    45     1898      4     10             0.7651    0.0073     0.7503    0.7791
    46     1884      1     14             0.7647    0.0074     0.7499    0.7787
    47     1869      8     17             0.7614    0.0074     0.7465    0.7756
    48     1844     10     22             0.7573    0.0075     0.7422    0.7716
    49     1812      5     35             0.7552    0.0075     0.7401    0.7696
    50     1772     18     74             0.7475    0.0077     0.7321    0.7622
    51     1680      6      9             0.7449    0.0077     0.7294    0.7596
    52     1665      4     13             0.7431    0.0077     0.7275    0.7579
    53     1648      6     19             0.7404    0.0078     0.7247    0.7553
    54     1623      3     11             0.7390    0.0078     0.7233    0.7540
    55     1609      9     13             0.7349    0.0079     0.7190    0.7500
    56     1587      3     10             0.7335    0.0079     0.7176    0.7486
    57     1574      2     16             0.7325    0.0079     0.7166    0.7477
    58     1556      5     12             0.7302    0.0080     0.7142    0.7455
    59     1539      6      8             0.7273    0.0080     0.7112    0.7427
    60     1525      3     13             0.7259    0.0081     0.7097    0.7413
    61     1509      9     22             0.7216    0.0081     0.7052    0.7372
    62     1478     39     86             0.7025    0.0085     0.6855    0.7188
    63     1353      8      6             0.6984    0.0086     0.6812    0.7148
    64     1339      3     11             0.6968    0.0086     0.6796    0.7133
    65     1325      7     14             0.6931    0.0087     0.6758    0.7097
    66     1304      6     10             0.6899    0.0087     0.6725    0.7067
    67     1288      1     29             0.6894    0.0087     0.6720    0.7061
    68     1258      4      9             0.6872    0.0088     0.6697    0.7040
    69     1245      3     13             0.6856    0.0088     0.6680    0.7024
    70     1229      4      8             0.6833    0.0088     0.6657    0.7003
    71     1217      3     10             0.6816    0.0089     0.6639    0.6987
    72     1204      7     14             0.6777    0.0089     0.6598    0.6948
    73     1183      4     20             0.6754    0.0090     0.6574    0.6926
    74     1159     16     35             0.6661    0.0092     0.6478    0.6837
    75     1108      3     10             0.6643    0.0092     0.6459    0.6819
    76     1095      5     13             0.6612    0.0092     0.6428    0.6790
    77     1077      1     10             0.6606    0.0093     0.6421    0.6784
    78     1066      0      9             0.6606    0.0093     0.6421    0.6784
    79     1057      2     11             0.6594    0.0093     0.6408    0.6772
    80     1044      3      9             0.6575    0.0093     0.6389    0.6754
    81     1032      3     14             0.6556    0.0094     0.6369    0.6736
    82     1015      2      6             0.6543    0.0094     0.6355    0.6723
    83     1007      2      8             0.6530    0.0094     0.6342    0.6711
    84      997      2      8             0.6517    0.0094     0.6328    0.6698
    85      987      1     13             0.6510    0.0095     0.6321    0.6692
    86      973     10     23             0.6443    0.0096     0.6252    0.6628
    87      940      0      5             0.6443    0.0096     0.6252    0.6628
    88      935      2      8             0.6429    0.0096     0.6237    0.6614
    89      925      0     11             0.6429    0.0096     0.6237    0.6614
    90      914      2      7             0.6415    0.0096     0.6223    0.6601
    91      905      1      6             0.6408    0.0097     0.6215    0.6594
    92      898      0      1             0.6408    0.0097     0.6215    0.6594
    93      897      1      5             0.6401    0.0097     0.6208    0.6587
    94      891      2      6             0.6387    0.0097     0.6193    0.6573
    95      883      0      4             0.6387    0.0097     0.6193    0.6573
    96      879      2      6             0.6372    0.0097     0.6178    0.6560
    97      871      5     14             0.6336    0.0098     0.6140    0.6525
    98      852     12     22             0.6246    0.0100     0.6047    0.6439
    99      818      1      4             0.6239    0.0100     0.6039    0.6432
   100      813      1      4             0.6231    0.0101     0.6031    0.6424
   101      808      1      7             0.6223    0.0101     0.6023    0.6417
   102      800      3      4             0.6200    0.0101     0.5998    0.6395
   103      793      1      5             0.6192    0.0101     0.5990    0.6387
   104      787      0      5             0.6192    0.0101     0.5990    0.6387
   105      782      1      4             0.6184    0.0102     0.5982    0.6380
   106      777      2      3             0.6168    0.0102     0.5965    0.6365
   107      772      1      6             0.6160    0.0102     0.5957    0.6357
   108      765      1      7             0.6152    0.0102     0.5948    0.6349
   109      757      2      6             0.6136    0.0103     0.5931    0.6334
   110      749      6     15             0.6087    0.0104     0.5880    0.6287
   111      728      0      5             0.6087    0.0104     0.5880    0.6287
   112      723      4      3             0.6053    0.0105     0.5845    0.6255
   113      716      3      3             0.6028    0.0105     0.5818    0.6230
   114      710      1      0             0.6019    0.0105     0.5809    0.6222
   115      709      4      5             0.5985    0.0106     0.5774    0.6190
   116      700      2      3             0.5968    0.0106     0.5756    0.6173
   117      695      0      6             0.5968    0.0106     0.5756    0.6173
   118      689      3      3             0.5942    0.0107     0.5729    0.6149
   119      683      1      8             0.5934    0.0107     0.5720    0.6140
   120      674      2      5             0.5916    0.0108     0.5702    0.6123
   121      667      0      9             0.5916    0.0108     0.5702    0.6123
   122      658     16     29             0.5772    0.0111     0.5551    0.5986
   123      613      1      3             0.5763    0.0111     0.5542    0.5977
   124      609      1      3             0.5753    0.0111     0.5532    0.5968
   125      605      1      8             0.5744    0.0112     0.5522    0.5959
   126      596      1      2             0.5734    0.0112     0.5512    0.5950
   127      593      1      9             0.5724    0.0112     0.5502    0.5941
   128      583      0      1             0.5724    0.0112     0.5502    0.5941
   129      582      0      5             0.5724    0.0112     0.5502    0.5941
   130      577      2      4             0.5705    0.0112     0.5481    0.5922
   131      571      3      4             0.5675    0.0113     0.5449    0.5893
   132      564      2      2             0.5654    0.0114     0.5428    0.5874
   133      560      3      7             0.5624    0.0114     0.5397    0.5845
   134      550      8      7             0.5542    0.0116     0.5311    0.5767
   135      535      0      2             0.5542    0.0116     0.5311    0.5767
   136      533      0      9             0.5542    0.0116     0.5311    0.5767
   137      524      1      3             0.5532    0.0117     0.5300    0.5757
   138      520      1      4             0.5521    0.0117     0.5289    0.5747
   140      515      0      4             0.5521    0.0117     0.5289    0.5747
   141      511      1      1             0.5510    0.0117     0.5278    0.5737
   142      509      2      2             0.5489    0.0118     0.5255    0.5716
   143      505      1      2             0.5478    0.0118     0.5243    0.5706
   144      502      1      0             0.5467    0.0118     0.5232    0.5695
   145      501      0      2             0.5467    0.0118     0.5232    0.5695
   146      499      6     12             0.5401    0.0120     0.5163    0.5633
   148      481      1      0             0.5390    0.0120     0.5151    0.5622
   149      480      0      2             0.5390    0.0120     0.5151    0.5622
   150      478      0      4             0.5390    0.0120     0.5151    0.5622
   151      474      0      6             0.5390    0.0120     0.5151    0.5622
   152      468      0      1             0.5390    0.0120     0.5151    0.5622
   153      467      0      2             0.5390    0.0120     0.5151    0.5622
   154      465      1      1             0.5378    0.0120     0.5139    0.5611
   155      463      2      3             0.5355    0.0121     0.5115    0.5589
   156      458      0      2             0.5355    0.0121     0.5115    0.5589
   157      456      1      2             0.5343    0.0121     0.5103    0.5578
   158      453      3      5             0.5308    0.0122     0.5065    0.5544
   159      445      0      1             0.5308    0.0122     0.5065    0.5544
   160      444      1      3             0.5296    0.0123     0.5053    0.5533
   161      440      0      3             0.5296    0.0123     0.5053    0.5533
   162      437      0      2             0.5296    0.0123     0.5053    0.5533
   163      435      0      3             0.5296    0.0123     0.5053    0.5533
   164      432      1      1             0.5284    0.0123     0.5040    0.5521
   165      430      1      4             0.5271    0.0123     0.5027    0.5510
   166      425      0      1             0.5271    0.0123     0.5027    0.5510
   167      424      0      2             0.5271    0.0123     0.5027    0.5510
   168      422      0      4             0.5271    0.0123     0.5027    0.5510
   169      418      0      2             0.5271    0.0123     0.5027    0.5510
   170      416      4      7             0.5221    0.0125     0.4974    0.5462
   171      405      1      0             0.5208    0.0125     0.4960    0.5450
   172      404      1      1             0.5195    0.0125     0.4947    0.5437
   174      402      1      1             0.5182    0.0126     0.4933    0.5425
   175      400      1      1             0.5169    0.0126     0.4919    0.5413
   176      398      1      2             0.5156    0.0126     0.4906    0.5401
   177      395      0      2             0.5156    0.0126     0.4906    0.5401
   179      393      1      1             0.5143    0.0127     0.4892    0.5388
   180      391      0      3             0.5143    0.0127     0.4892    0.5388
   181      388      2      2             0.5117    0.0127     0.4864    0.5363
   182      384      4      5             0.5063    0.0129     0.4808    0.5313
   183      375      2      2             0.5036    0.0130     0.4779    0.5287
   184      371      1      2             0.5023    0.0130     0.4765    0.5274
   185      368      0      2             0.5023    0.0130     0.4765    0.5274
   186      366      0      2             0.5023    0.0130     0.4765    0.5274
   187      364      0      7             0.5023    0.0130     0.4765    0.5274
   188      357      1      2             0.5009    0.0130     0.4750    0.5261
   189      354      0      2             0.5009    0.0130     0.4750    0.5261
   190      352      1      2             0.4994    0.0131     0.4735    0.5248
   191      349      1      0             0.4980    0.0131     0.4720    0.5234
   192      348      1      1             0.4966    0.0132     0.4705    0.5221
   193      346      0      3             0.4966    0.0132     0.4705    0.5221
   194      343      0      7             0.4966    0.0132     0.4705    0.5221
   195      336      0      2             0.4966    0.0132     0.4705    0.5221
   196      334      1      1             0.4951    0.0132     0.4689    0.5207
   197      332      0      2             0.4951    0.0132     0.4689    0.5207
   198      330      1      4             0.4936    0.0132     0.4674    0.5192
   199      325      0      4             0.4936    0.0132     0.4674    0.5192
   200      321      1      2             0.4920    0.0133     0.4657    0.5178
   202      318      0      1             0.4920    0.0133     0.4657    0.5178
   205      317      1      1             0.4905    0.0133     0.4641    0.5163
   206      315      3      2             0.4858    0.0135     0.4591    0.5120
   207      310      0      1             0.4858    0.0135     0.4591    0.5120
   208      309      0      2             0.4858    0.0135     0.4591    0.5120
   209      307      0      1             0.4858    0.0135     0.4591    0.5120
   210      306      2      4             0.4826    0.0136     0.4558    0.5090
   211      300      1      7             0.4810    0.0136     0.4541    0.5075
   212      292      1      1             0.4794    0.0137     0.4523    0.5059
   213      290      0      3             0.4794    0.0137     0.4523    0.5059
   214      287      1      2             0.4777    0.0137     0.4506    0.5044
   215      284      0      1             0.4777    0.0137     0.4506    0.5044
   216      283      0      1             0.4777    0.0137     0.4506    0.5044
   217      282      1      1             0.4760    0.0138     0.4488    0.5028
   218      280      1      8             0.4743    0.0138     0.4469    0.5012
   219      271      1      0             0.4726    0.0139     0.4451    0.4995
   220      270      0      5             0.4726    0.0139     0.4451    0.4995
   221      265      0      2             0.4726    0.0139     0.4451    0.4995
   222      263      0      1             0.4726    0.0139     0.4451    0.4995
   223      262      0      2             0.4726    0.0139     0.4451    0.4995
   224      260      1      0             0.4708    0.0140     0.4431    0.4979
   225      259      0      1             0.4708    0.0140     0.4431    0.4979
   227      258      0      1             0.4708    0.0140     0.4431    0.4979
   228      257      1      4             0.4689    0.0140     0.4412    0.4962
   229      252      0      1             0.4689    0.0140     0.4412    0.4962
   230      251      5      2             0.4596    0.0144     0.4312    0.4875
   231      244      0      1             0.4596    0.0144     0.4312    0.4875
   232      243      1      1             0.4577    0.0144     0.4292    0.4857
   233      241      1      1             0.4558    0.0145     0.4272    0.4839
   235      239      1      1             0.4539    0.0146     0.4251    0.4822
   237      237      1      1             0.4520    0.0146     0.4231    0.4804
   239      235      0      1             0.4520    0.0146     0.4231    0.4804
   240      234      1      0             0.4500    0.0147     0.4211    0.4786
   241      233      0      1             0.4500    0.0147     0.4211    0.4786
   242      232      0      6             0.4500    0.0147     0.4211    0.4786
   243      226      0      2             0.4500    0.0147     0.4211    0.4786
   245      224      0      2             0.4500    0.0147     0.4211    0.4786
   247      222      1      3             0.4480    0.0148     0.4189    0.4767
   248      218      0      1             0.4480    0.0148     0.4189    0.4767
   249      217      3      2             0.4418    0.0150     0.4123    0.4709
   250      212      0      1             0.4418    0.0150     0.4123    0.4709
   251      211      0      2             0.4418    0.0150     0.4123    0.4709
   253      209      0      1             0.4418    0.0150     0.4123    0.4709
   254      208      1      3             0.4397    0.0151     0.4100    0.4690
   255      204      0      1             0.4397    0.0151     0.4100    0.4690
   256      203      2      1             0.4354    0.0152     0.4054    0.4650
   257      200      1      2             0.4332    0.0153     0.4030    0.4629
   258      197      0      7             0.4332    0.0153     0.4030    0.4629
   259      190      0      1             0.4332    0.0153     0.4030    0.4629
   261      189      0      1             0.4332    0.0153     0.4030    0.4629
   262      188      0      1             0.4332    0.0153     0.4030    0.4629
   263      187      0      3             0.4332    0.0153     0.4030    0.4629
   265      184      2      1             0.4285    0.0155     0.3980    0.4586
   266      181      2      1             0.4237    0.0157     0.3929    0.4543
   267      178      1      1             0.4214    0.0158     0.3903    0.4521
   269      176      0      1             0.4214    0.0158     0.3903    0.4521
   270      175      1      2             0.4190    0.0159     0.3877    0.4498
   272      172      0      1             0.4190    0.0159     0.3877    0.4498
   273      171      0      2             0.4190    0.0159     0.3877    0.4498
   274      169      1      0             0.4165    0.0160     0.3851    0.4476
   275      168      0      1             0.4165    0.0160     0.3851    0.4476
   278      167      0      1             0.4165    0.0160     0.3851    0.4476
   280      166      0      1             0.4165    0.0160     0.3851    0.4476
   281      165      0      1             0.4165    0.0160     0.3851    0.4476
   282      164      1      1             0.4139    0.0161     0.3823    0.4452
   286      162      2      0             0.4088    0.0163     0.3768    0.4405
   287      160      0      4             0.4088    0.0163     0.3768    0.4405
   288      156      1      0             0.4062    0.0164     0.3740    0.4381
   289      155      0      2             0.4062    0.0164     0.3740    0.4381
   290      153      1      1             0.4036    0.0165     0.3712    0.4357
   291      151      1      0             0.4009    0.0166     0.3683    0.4332
   292      150      0      2             0.4009    0.0166     0.3683    0.4332
   293      148      0      1             0.4009    0.0166     0.3683    0.4332
   295      147      0      2             0.4009    0.0166     0.3683    0.4332
   296      145      1      1             0.3981    0.0167     0.3653    0.4307
   297      143      1      0             0.3953    0.0168     0.3623    0.4281
   300      142      0      1             0.3953    0.0168     0.3623    0.4281
   301      141      0      2             0.3953    0.0168     0.3623    0.4281
   302      139      0      2             0.3953    0.0168     0.3623    0.4281
   304      137      1      0             0.3924    0.0169     0.3592    0.4255
   305      136      0      3             0.3924    0.0169     0.3592    0.4255
   306      133      0      5             0.3924    0.0169     0.3592    0.4255
   307      128      1      3             0.3894    0.0171     0.3559    0.4227
   308      124      2      0             0.3831    0.0174     0.3490    0.4170
   309      122      1      0             0.3800    0.0175     0.3456    0.4142
   310      121      0      1             0.3800    0.0175     0.3456    0.4142
   311      120      0      1             0.3800    0.0175     0.3456    0.4142
   312      119      0      2             0.3800    0.0175     0.3456    0.4142
   313      117      1      4             0.3767    0.0177     0.3421    0.4112
   314      112      1      0             0.3733    0.0178     0.3385    0.4082
   316      111      0      3             0.3733    0.0178     0.3385    0.4082
   317      108      0      1             0.3733    0.0178     0.3385    0.4082
   318      107      0      3             0.3733    0.0178     0.3385    0.4082
   319      104      0      1             0.3733    0.0178     0.3385    0.4082
   320      103      2      0             0.3661    0.0182     0.3305    0.4017
   322      101      0      1             0.3661    0.0182     0.3305    0.4017
   323      100      0      1             0.3661    0.0182     0.3305    0.4017
   325       99      0      1             0.3661    0.0182     0.3305    0.4017
   326       98      0      2             0.3661    0.0182     0.3305    0.4017
   328       96      0      2             0.3661    0.0182     0.3305    0.4017
   329       94      0      2             0.3661    0.0182     0.3305    0.4017
   330       92      0      1             0.3661    0.0182     0.3305    0.4017
   331       91      0      4             0.3661    0.0182     0.3305    0.4017
   332       87      0      3             0.3661    0.0182     0.3305    0.4017
   333       84      0      1             0.3661    0.0182     0.3305    0.4017
   334       83      0      1             0.3661    0.0182     0.3305    0.4017
   337       82      1      1             0.3616    0.0185     0.3254    0.3979
   339       80      0      1             0.3616    0.0185     0.3254    0.3979
   340       79      0      2             0.3616    0.0185     0.3254    0.3979
   341       77      1      2             0.3569    0.0189     0.3201    0.3939
   343       74      0      2             0.3569    0.0189     0.3201    0.3939
   344       72      0      1             0.3569    0.0189     0.3201    0.3939
   345       71      0      1             0.3569    0.0189     0.3201    0.3939
   346       70      0      5             0.3569    0.0189     0.3201    0.3939
   347       65      0      2             0.3569    0.0189     0.3201    0.3939
   348       63      0      1             0.3569    0.0189     0.3201    0.3939
   349       62      0      3             0.3569    0.0189     0.3201    0.3939
   351       59      0      1             0.3569    0.0189     0.3201    0.3939
   352       58      0      1             0.3569    0.0189     0.3201    0.3939
   354       57      0      2             0.3569    0.0189     0.3201    0.3939
   355       55      0      1             0.3569    0.0189     0.3201    0.3939
   356       54      0      1             0.3569    0.0189     0.3201    0.3939
   361       53      0      2             0.3569    0.0189     0.3201    0.3939
   362       51      0      2             0.3569    0.0189     0.3201    0.3939
   363       49      0      2             0.3569    0.0189     0.3201    0.3939
   364       47      0      2             0.3569    0.0189     0.3201    0.3939
   365       45      0      2             0.3569    0.0189     0.3201    0.3939
   367       43      0      1             0.3569    0.0189     0.3201    0.3939
   370       42      0      2             0.3569    0.0189     0.3201    0.3939
   372       40      0      1             0.3569    0.0189     0.3201    0.3939
   373       39      0      2             0.3569    0.0189     0.3201    0.3939
   374       37      0      2             0.3569    0.0189     0.3201    0.3939
   376       35      0      1             0.3569    0.0189     0.3201    0.3939
   382       34      0      2             0.3569    0.0189     0.3201    0.3939
   383       32      0      1             0.3569    0.0189     0.3201    0.3939
   384       31      0      1             0.3569    0.0189     0.3201    0.3939
   386       30      0      1             0.3569    0.0189     0.3201    0.3939
   388       29      1      0             0.3446    0.0219     0.3021    0.3875
   389       28      0      1             0.3446    0.0219     0.3021    0.3875
   390       27      0      1             0.3446    0.0219     0.3021    0.3875
   391       26      0      1             0.3446    0.0219     0.3021    0.3875
   393       25      0      2             0.3446    0.0219     0.3021    0.3875
   394       23      0      3             0.3446    0.0219     0.3021    0.3875
   395       20      0      1             0.3446    0.0219     0.3021    0.3875
   397       19      0      1             0.3446    0.0219     0.3021    0.3875
   401       18      0      1             0.3446    0.0219     0.3021    0.3875
   408       17      0      2             0.3446    0.0219     0.3021    0.3875
   412       15      0      1             0.3446    0.0219     0.3021    0.3875
   413       14      0      1             0.3446    0.0219     0.3021    0.3875
   415       13      0      2             0.3446    0.0219     0.3021    0.3875
   416       11      0      1             0.3446    0.0219     0.3021    0.3875
   418       10      0      1             0.3446    0.0219     0.3021    0.3875
   427        9      0      1             0.3446    0.0219     0.3021    0.3875
   430        8      0      2             0.3446    0.0219     0.3021    0.3875
   434        6      0      1             0.3446    0.0219     0.3021    0.3875
   438        5      0      1             0.3446    0.0219     0.3021    0.3875
   439        4      0      1             0.3446    0.0219     0.3021    0.3875
   446        3      0      1             0.3446    0.0219     0.3021    0.3875
   454        2      0      1             0.3446    0.0219     0.3021    0.3875
   463        1      0      1             0.3446    0.0219     0.3021    0.3875
-------------------------------------------------------------------------------

. sts graph, title(Decisión propia) name(r, replace) xtitle(Tiempo (meses)) text(.6 300 "Mediana = 
> 15.8 años")

         failure _d:  fail_2
   analysis time _t:  time

. stsum

         failure _d:  fail_2
   analysis time _t:  time

         |               incidence       no. of    |------ Survival time -----|
         | time at risk     rate        subjects        25%       50%       75%
---------+---------------------------------------------------------------------
   total |       287440   .0044705          4672         50       190         .

. graph combine d r, xsize(6) ysize(3) title(Estimador Kaplan-Meier)

. 
. sum eda if (censor_2==0)

    Variable |        Obs        Mean    Std. Dev.       Min        Max
-------------+---------------------------------------------------------
         eda |        606    36.35974    10.08522         21         55

. tab ss if (censor_2==0)

    Seguridad |
       social |      Freq.     Percent        Cum.
--------------+-----------------------------------
       Sin SS |        194       32.01       32.01
Con seguridad |        412       67.99      100.00
--------------+-----------------------------------
        Total |        606      100.00

. *tab sexo if (censor_2==0)
. *tab contrato if (censor_2==0)
. tab crisis if (censor_2==0)

     crisis |      Freq.     Percent        Cum.
------------+-----------------------------------
          1 |        108       17.82       17.82
          2 |        229       37.79       55.61
          3 |        269       44.39      100.00
------------+-----------------------------------
      Total |        606      100.00

. 
. 
. sum eda if (censor_2==1)

    Variable |        Obs        Mean    Std. Dev.       Min        Max
-------------+---------------------------------------------------------
         eda |      2,781    38.19885    10.22497         21         60

. tab ss if (censor_2==1)

    Seguridad |
       social |      Freq.     Percent        Cum.
--------------+-----------------------------------
       Sin SS |      1,538       55.30       55.30
Con seguridad |      1,243       44.70      100.00
--------------+-----------------------------------
        Total |      2,781      100.00

. *tab sexo if (censor_2==1)
. *tab contrato if (censor_2==1)
. tab crisis if (censor_2==1)

     crisis |      Freq.     Percent        Cum.
------------+-----------------------------------
          1 |      1,173       42.18       42.18
          2 |      1,196       43.01       85.19
          3 |        412       14.81      100.00
------------+-----------------------------------
      Total |      2,781      100.00

. 
. 
. sum eda if (censor_2==2)

    Variable |        Obs        Mean    Std. Dev.       Min        Max
-------------+---------------------------------------------------------
         eda |      1,285    39.10895    10.14178         21         64

. tab ss if (censor_2==2)

    Seguridad |
       social |      Freq.     Percent        Cum.
--------------+-----------------------------------
       Sin SS |        624       48.56       48.56
Con seguridad |        661       51.44      100.00
--------------+-----------------------------------
        Total |      1,285      100.00

. *tab sexo if (censor_2==2)
. *tab contrato if (censor_2==2)
. tab crisis if (censor_2==2)

     crisis |      Freq.     Percent        Cum.
------------+-----------------------------------
          1 |        545       42.41       42.41
          2 |        534       41.56       83.97
          3 |        206       16.03      100.00
------------+-----------------------------------
      Total |      1,285      100.00

. 
. * Despido
. 
. *       contrato ingreso2 p5 p6 ss
. 
. **** comparación de modelos
. stset time, failure(fail_1)

     failure event:  fail_1 != 0 & fail_1 < .
obs. time interval:  (0, time]
 exit on or before:  failure

------------------------------------------------------------------------------
       4672  total observations
          0  exclusions
------------------------------------------------------------------------------
       4672  observations remaining, representing
       2781  failures in single-record/single-failure data
     287440  total analysis time at risk and under observation
                                                at risk from t =         0
                                     earliest observed entry t =         0
                                          last observed exit t =       463

. stcox crisis

         failure _d:  fail_1
   analysis time _t:  time

Iteration 0:   log likelihood = -21271.483
Iteration 1:   log likelihood = -21258.428
Iteration 2:   log likelihood = -21258.423
Refining estimates:
Iteration 0:   log likelihood = -21258.423

Cox regression -- Breslow method for ties

No. of subjects =        4,672                  Number of obs    =       4,672
No. of failures =        2,781
Time at risk    =       287440
                                                LR chi2(1)       =       26.12
Log likelihood  =   -21258.423                  Prob > chi2      =      0.0000

------------------------------------------------------------------------------
          _t | Haz. Ratio   Std. Err.      z    P>|z|     [95% Conf. Interval]
-------------+----------------------------------------------------------------
      crisis |   1.152776   .0318815     5.14   0.000     1.091953    1.216987
------------------------------------------------------------------------------

. estimates store m1

. stcox eda ss crisis

         failure _d:  fail_1
   analysis time _t:  time

Iteration 0:   log likelihood = -21271.483
Iteration 1:   log likelihood = -21086.027
Iteration 2:   log likelihood = -21085.749
Refining estimates:
Iteration 0:   log likelihood = -21085.749

Cox regression -- Breslow method for ties

No. of subjects =        4,672                  Number of obs    =       4,672
No. of failures =        2,781
Time at risk    =       287440
                                                LR chi2(3)       =      371.47
Log likelihood  =   -21085.749                  Prob > chi2      =      0.0000

------------------------------------------------------------------------------
          _t | Haz. Ratio   Std. Err.      z    P>|z|     [95% Conf. Interval]
-------------+----------------------------------------------------------------
         eda |   .9655736   .0027458   -12.32   0.000     .9602069    .9709704
          ss |   .6475235   .0255992   -10.99   0.000     .5992446    .6996922
      crisis |   .8132331    .032772    -5.13   0.000     .7514723    .8800699
------------------------------------------------------------------------------

. estimates store m2

. lrtest m1 m2

Likelihood-ratio test                                 LR chi2(2)  =    345.35
(Assumption: m1 nested in m2)                         Prob > chi2 =    0.0000

. estout m1 m2, cells(b(star fmt(2)) se(par fmt(2))) legend label varlabels(_cons Constant) stats(r
> 2 bic N)

----------------------------------------------------
                               m1              m2   
                             b/se            b/se   
----------------------------------------------------
crisis                       0.14***        -0.21***
                           (0.03)          (0.04)   
eda                                         -0.04***
                                           (0.00)   
Seguridad social                            -0.43***
                                           (0.04)   
----------------------------------------------------
r2                                                  
bic                      42525.30        42196.85   
N                         4672.00         4672.00   
----------------------------------------------------
* p<0.05, ** p<0.01, *** p<0.001

. 
. 
. **** Parte 2
. stset time, failure(fail_2)

     failure event:  fail_2 != 0 & fail_2 < .
obs. time interval:  (0, time]
 exit on or before:  failure

------------------------------------------------------------------------------
       4672  total observations
          0  exclusions
------------------------------------------------------------------------------
       4672  observations remaining, representing
       1285  failures in single-record/single-failure data
     287440  total analysis time at risk and under observation
                                                at risk from t =         0
                                     earliest observed entry t =         0
                                          last observed exit t =       463

. stcox crisis

         failure _d:  fail_2
   analysis time _t:  time

Iteration 0:   log likelihood = -9761.8159
Iteration 1:   log likelihood = -9750.3606
Iteration 2:   log likelihood = -9750.3521
Refining estimates:
Iteration 0:   log likelihood = -9750.3521

Cox regression -- Breslow method for ties

No. of subjects =        4,672                  Number of obs    =       4,672
No. of failures =        1,285
Time at risk    =       287440
                                                LR chi2(1)       =       22.93
Log likelihood  =   -9750.3521                  Prob > chi2      =      0.0000

------------------------------------------------------------------------------
          _t | Haz. Ratio   Std. Err.      z    P>|z|     [95% Conf. Interval]
-------------+----------------------------------------------------------------
      crisis |   1.218125    .049831     4.82   0.000     1.124271    1.319814
------------------------------------------------------------------------------

. estimates store m1

. stcox eda ss crisis

         failure _d:  fail_2
   analysis time _t:  time

Iteration 0:   log likelihood = -9761.8159
Iteration 1:   log likelihood = -9728.1881
Iteration 2:   log likelihood = -9728.1572
Refining estimates:
Iteration 0:   log likelihood = -9728.1572

Cox regression -- Breslow method for ties

No. of subjects =        4,672                  Number of obs    =       4,672
No. of failures =        1,285
Time at risk    =       287440
                                                LR chi2(3)       =       67.32
Log likelihood  =   -9728.1572                  Prob > chi2      =      0.0000

------------------------------------------------------------------------------
          _t | Haz. Ratio   Std. Err.      z    P>|z|     [95% Conf. Interval]
-------------+----------------------------------------------------------------
         eda |   .9819233   .0040398    -4.43   0.000     .9740374    .9898731
          ss |   .7906806   .0456191    -4.07   0.000     .7061388     .885344
      crisis |   1.020063   .0585374     0.35   0.729     .9115485    1.141495
------------------------------------------------------------------------------

. estimates store m2

. lrtest m1 m2

Likelihood-ratio test                                 LR chi2(2)  =     44.39
(Assumption: m1 nested in m2)                         Prob > chi2 =    0.0000

. estout m1 m2, cells(b(star fmt(2)) se(par fmt(2))) legend label varlabels(_cons Constant) stats(r
> 2 bic N)

----------------------------------------------------
                               m1              m2   
                             b/se            b/se   
----------------------------------------------------
crisis                       0.20***         0.02   
                           (0.04)          (0.06)   
eda                                         -0.02***
                                           (0.00)   
Seguridad social                            -0.23***
                                           (0.06)   
----------------------------------------------------
r2                                                  
bic                      19509.15        19481.66   
N                         4672.00         4672.00   
----------------------------------------------------
* p<0.05, ** p<0.01, *** p<0.001

. 
. 
. 
. ********************************** proporcionalidad
. stset time, failure(fail_2)

     failure event:  fail_2 != 0 & fail_2 < .
obs. time interval:  (0, time]
 exit on or before:  failure

------------------------------------------------------------------------------
       4672  total observations
          0  exclusions
------------------------------------------------------------------------------
       4672  observations remaining, representing
       1285  failures in single-record/single-failure data
     287440  total analysis time at risk and under observation
                                                at risk from t =         0
                                     earliest observed entry t =         0
                                          last observed exit t =       463

. stcox eda ss crisis

         failure _d:  fail_2
   analysis time _t:  time

Iteration 0:   log likelihood = -9761.8159
Iteration 1:   log likelihood = -9728.1881
Iteration 2:   log likelihood = -9728.1572
Refining estimates:
Iteration 0:   log likelihood = -9728.1572

Cox regression -- Breslow method for ties

No. of subjects =        4,672                  Number of obs    =       4,672
No. of failures =        1,285
Time at risk    =       287440
                                                LR chi2(3)       =       67.32
Log likelihood  =   -9728.1572                  Prob > chi2      =      0.0000

------------------------------------------------------------------------------
          _t | Haz. Ratio   Std. Err.      z    P>|z|     [95% Conf. Interval]
-------------+----------------------------------------------------------------
         eda |   .9819233   .0040398    -4.43   0.000     .9740374    .9898731
          ss |   .7906806   .0456191    -4.07   0.000     .7061388     .885344
      crisis |   1.020063   .0585374     0.35   0.729     .9115485    1.141495
------------------------------------------------------------------------------

. estat phtest, detail

      Test of proportional-hazards assumption

      Time:  Time
      ----------------------------------------------------------------
                  |       rho            chi2       df       Prob>chi2
      ------------+---------------------------------------------------
      eda         |      0.02856         1.09        1         0.2955
      ss          |      0.02295         0.68        1         0.4089
      crisis      |      0.02692         0.99        1         0.3201
      ------------+---------------------------------------------------
      global test |                      2.31        3         0.5113
      ----------------------------------------------------------------

. stphplot, by(ss) title(Seguridad social) name(r1, replace) 

         failure _d:  fail_2
   analysis time _t:  time

. *stphplot, by(sexo) title(Sexo) name(r2, replace) 
. *stphplot, by(contrato) title(Contrato) name(r3, replace) 
. estat phtest, plot(eda) title(Edad) name(r4, replace) 

. stphplot, by(crisis) title(Crisis) name(r5, replace) 

         failure _d:  fail_2
   analysis time _t:  time

. graph combine r1 r4 r5, xsize(6) ysize(3) title(Proporcionalidad de las covariables)

. 
. predict cs4, csnell

. drop if cs4==.
(0 observations deleted)

. stset cs4, failure(_d)

     failure event:  _d != 0 & _d < .
obs. time interval:  (0, cs4]
 exit on or before:  failure

------------------------------------------------------------------------------
       4672  total observations
          0  exclusions
------------------------------------------------------------------------------
       4672  observations remaining, representing
       1285  failures in single-record/single-failure data
       1285  total analysis time at risk and under observation
                                                at risk from t =         0
                                     earliest observed entry t =         0
                                          last observed exit t =  1.308137

. sts generate ih3 = na

. line ih3 cs4 cs4, sort title(Riesgo acumulado por residuos de Cox-Snell)

. 
. **********
. 
. stset time, failure(fail_1)

     failure event:  fail_1 != 0 & fail_1 < .
obs. time interval:  (0, time]
 exit on or before:  failure

------------------------------------------------------------------------------
       4672  total observations
          0  exclusions
------------------------------------------------------------------------------
       4672  observations remaining, representing
       2781  failures in single-record/single-failure data
     287440  total analysis time at risk and under observation
                                                at risk from t =         0
                                     earliest observed entry t =         0
                                          last observed exit t =       463

. stcox eda ss crisis

         failure _d:  fail_1
   analysis time _t:  time

Iteration 0:   log likelihood = -21271.483
Iteration 1:   log likelihood = -21086.027
Iteration 2:   log likelihood = -21085.749
Refining estimates:
Iteration 0:   log likelihood = -21085.749

Cox regression -- Breslow method for ties

No. of subjects =        4,672                  Number of obs    =       4,672
No. of failures =        2,781
Time at risk    =       287440
                                                LR chi2(3)       =      371.47
Log likelihood  =   -21085.749                  Prob > chi2      =      0.0000

------------------------------------------------------------------------------
          _t | Haz. Ratio   Std. Err.      z    P>|z|     [95% Conf. Interval]
-------------+----------------------------------------------------------------
         eda |   .9655736   .0027458   -12.32   0.000     .9602069    .9709704
          ss |   .6475235   .0255992   -10.99   0.000     .5992446    .6996922
      crisis |   .8132331    .032772    -5.13   0.000     .7514723    .8800699
------------------------------------------------------------------------------

. estat phtest, detail

      Test of proportional-hazards assumption

      Time:  Time
      ----------------------------------------------------------------
                  |       rho            chi2       df       Prob>chi2
      ------------+---------------------------------------------------
      eda         |      0.01614         0.71        1         0.3980
      ss          |     -0.02611         1.97        1         0.1602
      crisis      |     -0.00067         0.00        1         0.9726
      ------------+---------------------------------------------------
      global test |                      3.06        3         0.3822
      ----------------------------------------------------------------

. stphplot, by(ss) title(Seguridad social) name(r1, replace) 

         failure _d:  fail_1
   analysis time _t:  time

. *stphplot, by(sexo) title(Sexo) name(r2, replace) 
. *stphplot, by(contrato) title(Contrato) name(r3, replace) 
. estat phtest, plot(eda) title(Edad) name(r4, replace) 

. stphplot, by(crisis) title(Crisis) name(r5, replace) 

         failure _d:  fail_1
   analysis time _t:  time

. graph combine r1 r4 r5, xsize(6) ysize(3) title(Proporcionalidad de las covariables) 

. 
. predict cs3, csnell

. drop if cs3==.
(0 observations deleted)

. stset cs3, failure(_d)

     failure event:  _d != 0 & _d < .
obs. time interval:  (0, cs3]
 exit on or before:  failure

------------------------------------------------------------------------------
       4672  total observations
          0  exclusions
------------------------------------------------------------------------------
       4672  observations remaining, representing
       2781  failures in single-record/single-failure data
       2781  total analysis time at risk and under observation
                                                at risk from t =         0
                                     earliest observed entry t =         0
                                          last observed exit t =  4.543284

. sts generate ih2 = na

. line ih2 cs3 cs3, sort title(Riesgo acumulado por residuos de Cox-Snell)

. 
. **********************************
. 
. 
. 
. 
. stset time, failure(fail_1)

     failure event:  fail_1 != 0 & fail_1 < .
obs. time interval:  (0, time]
 exit on or before:  failure

------------------------------------------------------------------------------
       4672  total observations
          0  exclusions
------------------------------------------------------------------------------
       4672  observations remaining, representing
       2781  failures in single-record/single-failure data
     287440  total analysis time at risk and under observation
                                                at risk from t =         0
                                     earliest observed entry t =         0
                                          last observed exit t =       463

. stcox eda ss crisis

         failure _d:  fail_1
   analysis time _t:  time

Iteration 0:   log likelihood = -21271.483
Iteration 1:   log likelihood = -21086.027
Iteration 2:   log likelihood = -21085.749
Refining estimates:
Iteration 0:   log likelihood = -21085.749

Cox regression -- Breslow method for ties

No. of subjects =        4,672                  Number of obs    =       4,672
No. of failures =        2,781
Time at risk    =       287440
                                                LR chi2(3)       =      371.47
Log likelihood  =   -21085.749                  Prob > chi2      =      0.0000

------------------------------------------------------------------------------
          _t | Haz. Ratio   Std. Err.      z    P>|z|     [95% Conf. Interval]
-------------+----------------------------------------------------------------
         eda |   .9655736   .0027458   -12.32   0.000     .9602069    .9709704
          ss |   .6475235   .0255992   -10.99   0.000     .5992446    .6996922
      crisis |   .8132331    .032772    -5.13   0.000     .7514723    .8800699
------------------------------------------------------------------------------

. estat phtest, detail

      Test of proportional-hazards assumption

      Time:  Time
      ----------------------------------------------------------------
                  |       rho            chi2       df       Prob>chi2
      ------------+---------------------------------------------------
      eda         |      0.01614         0.71        1         0.3980
      ss          |     -0.02611         1.97        1         0.1602
      crisis      |     -0.00067         0.00        1         0.9726
      ------------+---------------------------------------------------
      global test |                      3.06        3         0.3822
      ----------------------------------------------------------------

. stset time, failure(fail_2)

     failure event:  fail_2 != 0 & fail_2 < .
obs. time interval:  (0, time]
 exit on or before:  failure

------------------------------------------------------------------------------
       4672  total observations
          0  exclusions
------------------------------------------------------------------------------
       4672  observations remaining, representing
       1285  failures in single-record/single-failure data
     287440  total analysis time at risk and under observation
                                                at risk from t =         0
                                     earliest observed entry t =         0
                                          last observed exit t =       463

. stcox eda ss crisis

         failure _d:  fail_2
   analysis time _t:  time

Iteration 0:   log likelihood = -9761.8159
Iteration 1:   log likelihood = -9728.1881
Iteration 2:   log likelihood = -9728.1572
Refining estimates:
Iteration 0:   log likelihood = -9728.1572

Cox regression -- Breslow method for ties

No. of subjects =        4,672                  Number of obs    =       4,672
No. of failures =        1,285
Time at risk    =       287440
                                                LR chi2(3)       =       67.32
Log likelihood  =   -9728.1572                  Prob > chi2      =      0.0000

------------------------------------------------------------------------------
          _t | Haz. Ratio   Std. Err.      z    P>|z|     [95% Conf. Interval]
-------------+----------------------------------------------------------------
         eda |   .9819233   .0040398    -4.43   0.000     .9740374    .9898731
          ss |   .7906806   .0456191    -4.07   0.000     .7061388     .885344
      crisis |   1.020063   .0585374     0.35   0.729     .9115485    1.141495
------------------------------------------------------------------------------

. estat phtest, detail

      Test of proportional-hazards assumption

      Time:  Time
      ----------------------------------------------------------------
                  |       rho            chi2       df       Prob>chi2
      ------------+---------------------------------------------------
      eda         |      0.02856         1.09        1         0.2955
      ss          |      0.02295         0.68        1         0.4089
      crisis      |      0.02692         0.99        1         0.3201
      ------------+---------------------------------------------------
      global test |                      2.31        3         0.5113
      ----------------------------------------------------------------

. 
. 
. log close
      name:  <unnamed>
       log:  C:\Users\jmartinez\Desktop\JC\OneDrive - El Colegio de México A.C\CM_2\Historia de eve
> ntos\Proyecto\log_Stata.log
  log type:  text
 closed on:  25 Apr 2019, 15:33:26
---------------------------------------------------------------------------------------------------
